Traceback (most recent call last):
  File "C:\Users\mohgh\kal\Lib\site-packages\jupyter_cache\executors\utils.py", line 58, in single_nb_execution
    executenb(
    ~~~~~~~~~^
        nb,
        ^^^
    ...<4 lines>...
        **kwargs,
        ^^^^^^^^^
    )
    ^
  File "C:\Users\mohgh\kal\Lib\site-packages\nbclient\client.py", line 1323, in execute
    return NotebookClient(nb=nb, resources=resources, km=km, **kwargs).execute()
           ~~~~~~~~~~~~~~~~~~~~~~~~~~~~~~~~~~~~~~~~~~~~~~~~~~~~~~~~~~~~~~~~~~~^^
  File "C:\Users\mohgh\kal\Lib\site-packages\jupyter_core\utils\__init__.py", line 165, in wrapped
    return loop.run_until_complete(inner)
           ~~~~~~~~~~~~~~~~~~~~~~~^^^^^^^
  File "C:\Users\mohgh\AppData\Local\Python\pythoncore-3.14-64\Lib\asyncio\base_events.py", line 719, in run_until_complete
    return future.result()
           ~~~~~~~~~~~~~^^
  File "C:\Users\mohgh\kal\Lib\site-packages\nbclient\client.py", line 709, in async_execute
    await self.async_execute_cell(
        cell, index, execution_count=self.code_cells_executed + 1
    )
  File "C:\Users\mohgh\kal\Lib\site-packages\nbclient\client.py", line 1062, in async_execute_cell
    await self._check_raise_for_error(cell, cell_index, exec_reply)
  File "C:\Users\mohgh\kal\Lib\site-packages\nbclient\client.py", line 918, in _check_raise_for_error
    raise CellExecutionError.from_cell_and_msg(cell, exec_reply_content)
nbclient.exceptions.CellExecutionError: An error occurred while executing the following cell:
------------------
import numpy as np

def gram_schmidt_qr(A):
    A = A.astype(float)
    m, n = A.shape
    Q = np.zeros((m, n))
    R = np.zeros((n, n))
    
    for j in range(n):
        v = A[:, j]
        for i in range(j):
            R[i, j] = np.dot(Q[:, i], A[:, j])
            v = v - R[i, j] * Q[:, i]
        R[j, j] = np.linalg.norm(v)
        if R[j, j] == 0:
            raise ValueError("Kolom-kolom matriks tidak bebas linier.")
        Q[:, j] = v / R[j, j]
        
    return Q, R

# Definisikan matriks A (3x3)
A = np.array([[12.0, -51.0, 4.0],
              [6.0, 167.0, -68.0],
              [-4.0, 24.0, -41.0]])

print("Matriks Asal A:\n", A)

# Hitung Q dan R
Q_gs, R_gs = gram_schmidt_qr(A)
print("\nMatriks Q (Ortogonal - hasil Gram-Schmidt):\n", Q_gs)
print("\nMatriks R (Segitiga Atas - hasil Gram-Schmidt):\n", R_gs)
------------------


[31m---------------------------------------------------------------------------[39m
[31mModuleNotFoundError[39m                       Traceback (most recent call last)
[36mCell[39m[36m [39m[32mIn[1][39m[32m, line 1[39m
[32m----> [39m[32m1[39m [38;5;28;01mimport[39;00m[38;5;250m [39m[34;01mnumpy[39;00m[38;5;250m [39m[38;5;28;01mas[39;00m[38;5;250m [39m[34;01mnp[39;00m
[32m      3[39m [38;5;28;01mdef[39;00m[38;5;250m [39m[34mgram_schmidt_qr[39m(A):
[32m      4[39m     A = A.astype([38;5;28mfloat[39m)

[31mModuleNotFoundError[39m: No module named 'numpy'

